SET pgstac."default-filter-lang" TO 'cql2-json';
SET
SELECT search('{"ids":["pgstac-test-item-0097"],"fields":{"include":["id"]}}');
 {"next": null, "prev": null, "type": "FeatureCollection", "context": {"limit": 10, "matched": 1, "returned": 1}, "features": [{"id": "pgstac-test-item-0097", "collection": "pgstac-test-collection"}]}

SELECT search('{"ids":["pgstac-test-item-0097","pgstac-test-item-0003"],"fields":{"include":["id"]}}');
 {"next": null, "prev": null, "type": "FeatureCollection", "context": {"limit": 10, "matched": 2, "returned": 2}, "features": [{"id": "pgstac-test-item-0003", "collection": "pgstac-test-collection"}, {"id": "pgstac-test-item-0097", "collection": "pgstac-test-collection"}]}

SELECT search('{"collections":["pgstac-test-collection"],"fields":{"include":["id"]}, "limit": 1}');
 {"next": "pgstac-test-item-0003", "prev": null, "type": "FeatureCollection", "context": {"limit": 1, "matched": 100, "returned": 1}, "features": [{"id": "pgstac-test-item-0003", "collection": "pgstac-test-collection"}]}

SELECT search('{"collections":["something"]}');
 {"next": null, "prev": null, "type": "FeatureCollection", "context": {"limit": 10, "matched": 0, "returned": 0}, "features": []}

SELECT search('{"collections":["something"],"fields":{"include":["id"]}}');
 {"next": null, "prev": null, "type": "FeatureCollection", "context": {"limit": 10, "matched": 0, "returned": 0}, "features": []}

SELECT search('{"filter":{"op":"t_intersects", "args":[{"property":"datetime"},"2011-08-16T00:00:00Z/2011-08-17T00:00:00Z"]}, "fields":{"include":["id","properties.datetime","properties.eo:cloud_cover"]},"sortby":[{"field":"datetime","direction":"desc"},{"field":"id","direction":"asc"}]}');
 {"next": "pgstac-test-item-0016", "prev": null, "type": "FeatureCollection", "context": {"limit": 10, "matched": 57, "returned": 10}, "features": [{"id": "pgstac-test-item-0007", "collection": "pgstac-test-collection", "properties": {"datetime": "2011-08-17T00:00:00Z", "eo:cloud_cover": 59}}, {"id": "pgstac-test-item-0008", "collection": "pgstac-test-collection", "properties": {"datetime": "2011-08-17T00:00:00Z", "eo:cloud_cover": 64}}, {"id": "pgstac-test-item-0009", "collection": "pgstac-test-collection", "properties": {"datetime": "2011-08-17T00:00:00Z", "eo:cloud_cover": 61}}, {"id": "pgstac-test-item-0010", "collection": "pgstac-test-collection", "properties": {"datetime": "2011-08-17T00:00:00Z", "eo:cloud_cover": 31}}, {"id": "pgstac-test-item-0011", "collection": "pgstac-test-collection", "properties": {"datetime": "2011-08-17T00:00:00Z", "eo:cloud_cover": 41}}, {"id": "pgstac-test-item-0012", "collection": "pgstac-test-collection", "properties": {"datetime": "2011-08-17T00:00:00Z", "eo:cloud_cover": 4}}, {"id": "pgstac-test-item-0013", "collection": "pgstac-test-collection", "properties": {"datetime": "2011-08-17T00:00:00Z", "eo:cloud_cover": 2}}, {"id": "pgstac-test-item-0014", "collection": "pgstac-test-collection", "properties": {"datetime": "2011-08-16T00:00:00Z", "eo:cloud_cover": 17}}, {"id": "pgstac-test-item-0015", "collection": "pgstac-test-collection", "properties": {"datetime": "2011-08-16T00:00:00Z", "eo:cloud_cover": 54}}, {"id": "pgstac-test-item-0016", "collection": "pgstac-test-collection", "properties": {"datetime": "2011-08-16T00:00:00Z", "eo:cloud_cover": 13}}]}

SELECT search('{"filter":{"op":"t_intersects", "args":[{"property":"datetime"},"2011-08-16T00:00:00Z/2011-08-17T00:00:00Z"]}, "fields":{"include":["id","properties.datetime","properties.eo:cloud_cover"]},"sortby":[{"field":"datetime","direction":"desc"},{"field":"id","direction":"asc"}]}');
 {"next": "pgstac-test-item-0016", "prev": null, "type": "FeatureCollection", "context": {"limit": 10, "matched": 57, "returned": 10}, "features": [{"id": "pgstac-test-item-0007", "collection": "pgstac-test-collection", "properties": {"datetime": "2011-08-17T00:00:00Z", "eo:cloud_cover": 59}}, {"id": "pgstac-test-item-0008", "collection": "pgstac-test-collection", "properties": {"datetime": "2011-08-17T00:00:00Z", "eo:cloud_cover": 64}}, {"id": "pgstac-test-item-0009", "collection": "pgstac-test-collection", "properties": {"datetime": "2011-08-17T00:00:00Z", "eo:cloud_cover": 61}}, {"id": "pgstac-test-item-0010", "collection": "pgstac-test-collection", "properties": {"datetime": "2011-08-17T00:00:00Z", "eo:cloud_cover": 31}}, {"id": "pgstac-test-item-0011", "collection": "pgstac-test-collection", "properties": {"datetime": "2011-08-17T00:00:00Z", "eo:cloud_cover": 41}}, {"id": "pgstac-test-item-0012", "collection": "pgstac-test-collection", "properties": {"datetime": "2011-08-17T00:00:00Z", "eo:cloud_cover": 4}}, {"id": "pgstac-test-item-0013", "collection": "pgstac-test-collection", "properties": {"datetime": "2011-08-17T00:00:00Z", "eo:cloud_cover": 2}}, {"id": "pgstac-test-item-0014", "collection": "pgstac-test-collection", "properties": {"datetime": "2011-08-16T00:00:00Z", "eo:cloud_cover": 17}}, {"id": "pgstac-test-item-0015", "collection": "pgstac-test-collection", "properties": {"datetime": "2011-08-16T00:00:00Z", "eo:cloud_cover": 54}}, {"id": "pgstac-test-item-0016", "collection": "pgstac-test-collection", "properties": {"datetime": "2011-08-16T00:00:00Z", "eo:cloud_cover": 13}}]}

SELECT search('{"filter":{"op":"t_intersects", "args":[{"property":"datetime"},"2011-08-16T00:00:00Z/2011-08-17T00:00:00Z"]}, "fields":{"include":["id","properties.datetime","properties.eo:cloud_cover"]},"sortby":[{"field":"datetime","direction":"desc"},{"field":"id","direction":"asc"}]}');
 {"next": "pgstac-test-item-0016", "prev": null, "type": "FeatureCollection", "context": {"limit": 10, "matched": 57, "returned": 10}, "features": [{"id": "pgstac-test-item-0007", "collection": "pgstac-test-collection", "properties": {"datetime": "2011-08-17T00:00:00Z", "eo:cloud_cover": 59}}, {"id": "pgstac-test-item-0008", "collection": "pgstac-test-collection", "properties": {"datetime": "2011-08-17T00:00:00Z", "eo:cloud_cover": 64}}, {"id": "pgstac-test-item-0009", "collection": "pgstac-test-collection", "properties": {"datetime": "2011-08-17T00:00:00Z", "eo:cloud_cover": 61}}, {"id": "pgstac-test-item-0010", "collection": "pgstac-test-collection", "properties": {"datetime": "2011-08-17T00:00:00Z", "eo:cloud_cover": 31}}, {"id": "pgstac-test-item-0011", "collection": "pgstac-test-collection", "properties": {"datetime": "2011-08-17T00:00:00Z", "eo:cloud_cover": 41}}, {"id": "pgstac-test-item-0012", "collection": "pgstac-test-collection", "properties": {"datetime": "2011-08-17T00:00:00Z", "eo:cloud_cover": 4}}, {"id": "pgstac-test-item-0013", "collection": "pgstac-test-collection", "properties": {"datetime": "2011-08-17T00:00:00Z", "eo:cloud_cover": 2}}, {"id": "pgstac-test-item-0014", "collection": "pgstac-test-collection", "properties": {"datetime": "2011-08-16T00:00:00Z", "eo:cloud_cover": 17}}, {"id": "pgstac-test-item-0015", "collection": "pgstac-test-collection", "properties": {"datetime": "2011-08-16T00:00:00Z", "eo:cloud_cover": 54}}, {"id": "pgstac-test-item-0016", "collection": "pgstac-test-collection", "properties": {"datetime": "2011-08-16T00:00:00Z", "eo:cloud_cover": 13}}]}

SELECT search('{"filter":{"op":"eq", "args":[{"property":"eo:cloud_cover"},36]}, "fields":{"include":["id","properties.datetime","properties.eo:cloud_cover"]},"sortby":[{"field":"datetime","direction":"desc"},{"field":"id","direction":"asc"}]}');
 {"next": null, "prev": null, "type": "FeatureCollection", "context": {"limit": 10, "matched": 2, "returned": 2}, "features": [{"id": "pgstac-test-item-0087", "collection": "pgstac-test-collection", "properties": {"datetime": "2011-08-01T00:00:00Z", "eo:cloud_cover": 36}}, {"id": "pgstac-test-item-0089", "collection": "pgstac-test-collection", "properties": {"datetime": "2011-07-31T00:00:00Z", "eo:cloud_cover": 36}}]}

SELECT search('{"filter":{"op":"lt", "args":[{"property":"eo:cloud_cover"},25]}, "fields":{"include":["id","properties.datetime","properties.eo:cloud_cover"]},"sortby":[{"field":"eo:cloud_cover","direction":"asc"}]}');
 {"next": "pgstac-test-item-0012", "prev": null, "type": "FeatureCollection", "context": {"limit": 10, "matched": 31, "returned": 10}, "features": [{"id": "pgstac-test-item-0097", "collection": "pgstac-test-collection", "properties": {"datetime": "2011-07-31T00:00:00Z", "eo:cloud_cover": 1}}, {"id": "pgstac-test-item-0063", "collection": "pgstac-test-collection", "properties": {"datetime": "2011-08-16T00:00:00Z", "eo:cloud_cover": 2}}, {"id": "pgstac-test-item-0013", "collection": "pgstac-test-collection", "properties": {"datetime": "2011-08-17T00:00:00Z", "eo:cloud_cover": 2}}, {"id": "pgstac-test-item-0085", "collection": "pgstac-test-collection", "properties": {"datetime": "2011-08-01T00:00:00Z", "eo:cloud_cover": 3}}, {"id": "pgstac-test-item-0073", "collection": "pgstac-test-collection", "properties": {"datetime": "2011-08-15T00:00:00Z", "eo:cloud_cover": 3}}, {"id": "pgstac-test-item-0041", "collection": "pgstac-test-collection", "properties": {"datetime": "2011-08-16T00:00:00Z", "eo:cloud_cover": 3}}, {"id": "pgstac-test-item-0034", "collection": "pgstac-test-collection", "properties": {"datetime": "2011-08-16T00:00:00Z", "eo:cloud_cover": 3}}, {"id": "pgstac-test-item-0005", "collection": "pgstac-test-collection", "properties": {"datetime": "2011-08-24T00:00:00Z", "eo:cloud_cover": 3}}, {"id": "pgstac-test-item-0048", "collection": "pgstac-test-collection", "properties": {"datetime": "2011-08-16T00:00:00Z", "eo:cloud_cover": 4}}, {"id": "pgstac-test-item-0012", "collection": "pgstac-test-collection", "properties": {"datetime": "2011-08-17T00:00:00Z", "eo:cloud_cover": 4}}]}

SELECT search('{"filter":{"op":"in","args":[{"property":"id"},["pgstac-test-item-0097"]]},"fields":{"include":["id"]}}');
 {"next": null, "prev": null, "type": "FeatureCollection", "context": {"limit": 10, "matched": 1, "returned": 1}, "features": [{"id": "pgstac-test-item-0097", "collection": "pgstac-test-collection"}]}

SELECT search('{"filter":{"op":"in","args":[{"property":"id"},["pgstac-test-item-0097","pgstac-test-item-0003"]]},"fields":{"include":["id"]}}');
 {"next": null, "prev": null, "type": "FeatureCollection", "context": {"limit": 10, "matched": 2, "returned": 2}, "features": [{"id": "pgstac-test-item-0003", "collection": "pgstac-test-collection"}, {"id": "pgstac-test-item-0097", "collection": "pgstac-test-collection"}]}

SELECT search('{"filter":{"op":"in","args":[{"property":"collection"},["pgstac-test-collection"]]},"fields":{"include":["id"]}, "limit": 1}');
 {"next": "pgstac-test-item-0003", "prev": null, "type": "FeatureCollection", "context": {"limit": 1, "matched": 100, "returned": 1}, "features": [{"id": "pgstac-test-item-0003", "collection": "pgstac-test-collection"}]}

SELECT search('{"filter":{"op":"in","args":[{"property":"collection"},["nonexistent"]]}}');
 {"next": null, "prev": null, "type": "FeatureCollection", "context": {"limit": 10, "matched": 0, "returned": 0}, "features": []}

SELECT search('{"filter":{"op":"in","args":[{"property":"collection"},["nonexistent"]]}, "conf":{"context":"off"}}');
 {"next": null, "prev": null, "type": "FeatureCollection", "context": {"limit": 10, "returned": 0}, "features": []}

SELECT search('{"conf": {"nohydrate": true}, "limit": 2}');
 {"next": "pgstac-test-item-0002", "prev": null, "type": "FeatureCollection", "context": {"limit": 2, "matched": 100, "returned": 2}, "features": [{"id": "pgstac-test-item-0003", "bbox": [-85.379245, 30.933949, -85.308201, 31.003555], "type": "Feature", "links": [], "assets": {"image": {"href": "https://naipeuwest.blob.core.windows.net/naip/v002/al/2011/al_100cm_2011/30085/m_3008506_nw_16_1_20110825.tif"}, "metadata": {"href": "https://naipeuwest.blob.core.windows.net/naip/v002/al/2011/al_fgdc_2011/30085/m_3008506_nw_16_1_20110825.txt"}, "thumbnail": {"href": "https://naipeuwest.blob.core.windows.net/naip/v002/al/2011/al_100cm_2011/30085/m_3008506_nw_16_1_20110825.200.jpg"}}, "geometry": {"type": "Polygon", "coordinates": [[[-85.309412, 30.933949], [-85.308201, 31.002658], [-85.378084, 31.003555], [-85.379245, 30.934843], [-85.309412, 30.933949]]]}, "collection": "pgstac-test-collection", "properties": {"gsd": 1, "datetime": "2011-08-25T00:00:00Z", "naip:year": "2011", "proj:bbox": [654842, 3423507, 661516, 3431125], "proj:epsg": 26916, "providers": [{"url": "https://www.fsa.usda.gov/programs-and-services/aerial-photography/imagery-programs/naip-imagery/", "name": "USDA Farm Service Agency", "roles": ["producer", "licensor"]}], "naip:state": "al", "proj:shape": [7618, 6674], "eo:cloud_cover": 28, "proj:transform": [1, 0, 654842, 0, -1, 3431125, 0, 0, 1]}, "stac_extensions": ["eo", "projection"]}, {"id": "pgstac-test-item-0002", "bbox": [-85.504167, 30.934008, -85.433293, 31.003486], "type": "Feature", "links": [], "assets": {"image": {"href": "https://naipeuwest.blob.core.windows.net/naip/v002/al/2011/al_100cm_2011/30085/m_3008505_nw_16_1_20110825.tif"}, "metadata": {"href": "https://naipeuwest.blob.core.windows.net/naip/v002/al/2011/al_fgdc_2011/30085/m_3008505_nw_16_1_20110825.txt"}, "thumbnail": {"href": "https://naipeuwest.blob.core.windows.net/naip/v002/al/2011/al_100cm_2011/30085/m_3008505_nw_16_1_20110825.200.jpg"}}, "geometry": {"type": "Polygon", "coordinates": [[[-85.434414, 30.934008], [-85.433293, 31.002658], [-85.503096, 31.003486], [-85.504167, 30.934834], [-85.434414, 30.934008]]]}, "collection": "pgstac-test-collection", "properties": {"gsd": 1, "datetime": "2011-08-25T00:00:00Z", "naip:year": "2011", "proj:bbox": [642906, 3423339, 649572, 3430950], "proj:epsg": 26916, "providers": [{"url": "https://www.fsa.usda.gov/programs-and-services/aerial-photography/imagery-programs/naip-imagery/", "name": "USDA Farm Service Agency", "roles": ["producer", "licensor"]}], "naip:state": "al", "proj:shape": [7611, 6666], "eo:cloud_cover": 33, "proj:transform": [1, 0, 642906, 0, -1, 3430950, 0, 0, 1]}, "stac_extensions": ["eo", "projection"]}]}

\set QUIET 1
\set ECHO none
