SET pgstac."default-filter-lang" TO 'cql-json';
SET
SELECT search('{"fields":{"include":["id","properties.datetime","properties.eo:cloud_cover"]},"sortby":[{"field":"datetime","direction":"desc"},{"field":"id","direction":"asc"}]}');
 {"next": "pgstac-test-item-0010", "prev": null, "type": "FeatureCollection", "context": {"limit": 10, "matched": 100, "returned": 10}, "features": [{"id": "pgstac-test-item-0001", "collection": "pgstac-test-collection", "properties": {"datetime": "2011-08-25T00:00:00Z", "eo:cloud_cover": 89}}, {"id": "pgstac-test-item-0002", "collection": "pgstac-test-collection", "properties": {"datetime": "2011-08-25T00:00:00Z", "eo:cloud_cover": 33}}, {"id": "pgstac-test-item-0003", "collection": "pgstac-test-collection", "properties": {"datetime": "2011-08-25T00:00:00Z", "eo:cloud_cover": 28}}, {"id": "pgstac-test-item-0004", "collection": "pgstac-test-collection", "properties": {"datetime": "2011-08-24T00:00:00Z", "eo:cloud_cover": 23}}, {"id": "pgstac-test-item-0005", "collection": "pgstac-test-collection", "properties": {"datetime": "2011-08-24T00:00:00Z", "eo:cloud_cover": 3}}, {"id": "pgstac-test-item-0006", "collection": "pgstac-test-collection", "properties": {"datetime": "2011-08-24T00:00:00Z", "eo:cloud_cover": 100}}, {"id": "pgstac-test-item-0007", "collection": "pgstac-test-collection", "properties": {"datetime": "2011-08-17T00:00:00Z", "eo:cloud_cover": 59}}, {"id": "pgstac-test-item-0008", "collection": "pgstac-test-collection", "properties": {"datetime": "2011-08-17T00:00:00Z", "eo:cloud_cover": 64}}, {"id": "pgstac-test-item-0009", "collection": "pgstac-test-collection", "properties": {"datetime": "2011-08-17T00:00:00Z", "eo:cloud_cover": 61}}, {"id": "pgstac-test-item-0010", "collection": "pgstac-test-collection", "properties": {"datetime": "2011-08-17T00:00:00Z", "eo:cloud_cover": 31}}]}

-- Test Paging
SELECT search('{"fields":{"include":["id"]},"sortby":[{"field":"datetime","direction":"desc"},{"field":"id","direction":"asc"}]}');
 {"next": "pgstac-test-item-0010", "prev": null, "type": "FeatureCollection", "context": {"limit": 10, "matched": 100, "returned": 10}, "features": [{"id": "pgstac-test-item-0001", "collection": "pgstac-test-collection"}, {"id": "pgstac-test-item-0002", "collection": "pgstac-test-collection"}, {"id": "pgstac-test-item-0003", "collection": "pgstac-test-collection"}, {"id": "pgstac-test-item-0004", "collection": "pgstac-test-collection"}, {"id": "pgstac-test-item-0005", "collection": "pgstac-test-collection"}, {"id": "pgstac-test-item-0006", "collection": "pgstac-test-collection"}, {"id": "pgstac-test-item-0007", "collection": "pgstac-test-collection"}, {"id": "pgstac-test-item-0008", "collection": "pgstac-test-collection"}, {"id": "pgstac-test-item-0009", "collection": "pgstac-test-collection"}, {"id": "pgstac-test-item-0010", "collection": "pgstac-test-collection"}]}

SELECT search('{"token":"next:pgstac-test-item-0010", "fields":{"include":["id","properties.datetime","properties.eo:cloud_cover"]},"sortby":[{"field":"datetime","direction":"desc"},{"field":"id","direction":"asc"}]}');
 {"next": "pgstac-test-item-0020", "prev": "pgstac-test-item-0011", "type": "FeatureCollection", "context": {"limit": 10, "matched": 100, "returned": 10}, "features": [{"id": "pgstac-test-item-0011", "collection": "pgstac-test-collection", "properties": {"datetime": "2011-08-17T00:00:00Z", "eo:cloud_cover": 41}}, {"id": "pgstac-test-item-0012", "collection": "pgstac-test-collection", "properties": {"datetime": "2011-08-17T00:00:00Z", "eo:cloud_cover": 4}}, {"id": "pgstac-test-item-0013", "collection": "pgstac-test-collection", "properties": {"datetime": "2011-08-17T00:00:00Z", "eo:cloud_cover": 2}}, {"id": "pgstac-test-item-0014", "collection": "pgstac-test-collection", "properties": {"datetime": "2011-08-16T00:00:00Z", "eo:cloud_cover": 17}}, {"id": "pgstac-test-item-0015", "collection": "pgstac-test-collection", "properties": {"datetime": "2011-08-16T00:00:00Z", "eo:cloud_cover": 54}}, {"id": "pgstac-test-item-0016", "collection": "pgstac-test-collection", "properties": {"datetime": "2011-08-16T00:00:00Z", "eo:cloud_cover": 13}}, {"id": "pgstac-test-item-0017", "collection": "pgstac-test-collection", "properties": {"datetime": "2011-08-16T00:00:00Z", "eo:cloud_cover": 59}}, {"id": "pgstac-test-item-0018", "collection": "pgstac-test-collection", "properties": {"datetime": "2011-08-16T00:00:00Z", "eo:cloud_cover": 29}}, {"id": "pgstac-test-item-0019", "collection": "pgstac-test-collection", "properties": {"datetime": "2011-08-16T00:00:00Z", "eo:cloud_cover": 52}}, {"id": "pgstac-test-item-0020", "collection": "pgstac-test-collection", "properties": {"datetime": "2011-08-16T00:00:00Z", "eo:cloud_cover": 39}}]}

SELECT search('{"token":"next:pgstac-test-item-0020", "fields":{"include":["id","properties.datetime","properties.eo:cloud_cover"]},"sortby":[{"field":"datetime","direction":"desc"},{"field":"id","direction":"asc"}]}');
 {"next": "pgstac-test-item-0030", "prev": "pgstac-test-item-0021", "type": "FeatureCollection", "context": {"limit": 10, "matched": 100, "returned": 10}, "features": [{"id": "pgstac-test-item-0021", "collection": "pgstac-test-collection", "properties": {"datetime": "2011-08-16T00:00:00Z", "eo:cloud_cover": 29}}, {"id": "pgstac-test-item-0022", "collection": "pgstac-test-collection", "properties": {"datetime": "2011-08-16T00:00:00Z", "eo:cloud_cover": 84}}, {"id": "pgstac-test-item-0023", "collection": "pgstac-test-collection", "properties": {"datetime": "2011-08-16T00:00:00Z", "eo:cloud_cover": 56}}, {"id": "pgstac-test-item-0024", "collection": "pgstac-test-collection", "properties": {"datetime": "2011-08-16T00:00:00Z", "eo:cloud_cover": 58}}, {"id": "pgstac-test-item-0025", "collection": "pgstac-test-collection", "properties": {"datetime": "2011-08-16T00:00:00Z", "eo:cloud_cover": 65}}, {"id": "pgstac-test-item-0026", "collection": "pgstac-test-collection", "properties": {"datetime": "2011-08-16T00:00:00Z", "eo:cloud_cover": 52}}, {"id": "pgstac-test-item-0027", "collection": "pgstac-test-collection", "properties": {"datetime": "2011-08-16T00:00:00Z", "eo:cloud_cover": 43}}, {"id": "pgstac-test-item-0028", "collection": "pgstac-test-collection", "properties": {"datetime": "2011-08-16T00:00:00Z", "eo:cloud_cover": 46}}, {"id": "pgstac-test-item-0029", "collection": "pgstac-test-collection", "properties": {"datetime": "2011-08-16T00:00:00Z", "eo:cloud_cover": 42}}, {"id": "pgstac-test-item-0030", "collection": "pgstac-test-collection", "properties": {"datetime": "2011-08-16T00:00:00Z", "eo:cloud_cover": 16}}]}

SELECT search('{"token":"prev:pgstac-test-item-0021", "fields":{"include":["id","properties.datetime","properties.eo:cloud_cover"]},"sortby":[{"field":"datetime","direction":"desc"},{"field":"id","direction":"asc"}]}');
 {"next": "pgstac-test-item-0020", "prev": "pgstac-test-item-0011", "type": "FeatureCollection", "context": {"limit": 10, "matched": 100, "returned": 10}, "features": [{"id": "pgstac-test-item-0011", "collection": "pgstac-test-collection", "properties": {"datetime": "2011-08-17T00:00:00Z", "eo:cloud_cover": 41}}, {"id": "pgstac-test-item-0012", "collection": "pgstac-test-collection", "properties": {"datetime": "2011-08-17T00:00:00Z", "eo:cloud_cover": 4}}, {"id": "pgstac-test-item-0013", "collection": "pgstac-test-collection", "properties": {"datetime": "2011-08-17T00:00:00Z", "eo:cloud_cover": 2}}, {"id": "pgstac-test-item-0014", "collection": "pgstac-test-collection", "properties": {"datetime": "2011-08-16T00:00:00Z", "eo:cloud_cover": 17}}, {"id": "pgstac-test-item-0015", "collection": "pgstac-test-collection", "properties": {"datetime": "2011-08-16T00:00:00Z", "eo:cloud_cover": 54}}, {"id": "pgstac-test-item-0016", "collection": "pgstac-test-collection", "properties": {"datetime": "2011-08-16T00:00:00Z", "eo:cloud_cover": 13}}, {"id": "pgstac-test-item-0017", "collection": "pgstac-test-collection", "properties": {"datetime": "2011-08-16T00:00:00Z", "eo:cloud_cover": 59}}, {"id": "pgstac-test-item-0018", "collection": "pgstac-test-collection", "properties": {"datetime": "2011-08-16T00:00:00Z", "eo:cloud_cover": 29}}, {"id": "pgstac-test-item-0019", "collection": "pgstac-test-collection", "properties": {"datetime": "2011-08-16T00:00:00Z", "eo:cloud_cover": 52}}, {"id": "pgstac-test-item-0020", "collection": "pgstac-test-collection", "properties": {"datetime": "2011-08-16T00:00:00Z", "eo:cloud_cover": 39}}]}

SELECT search('{"token":"next:pgstac-test-item-0011", "fields":{"include":["id","properties.datetime","properties.eo:cloud_cover"]},"sortby":[{"field":"datetime","direction":"desc"},{"field":"id","direction":"asc"}]}');
 {"next": "pgstac-test-item-0021", "prev": "pgstac-test-item-0012", "type": "FeatureCollection", "context": {"limit": 10, "matched": 100, "returned": 10}, "features": [{"id": "pgstac-test-item-0012", "collection": "pgstac-test-collection", "properties": {"datetime": "2011-08-17T00:00:00Z", "eo:cloud_cover": 4}}, {"id": "pgstac-test-item-0013", "collection": "pgstac-test-collection", "properties": {"datetime": "2011-08-17T00:00:00Z", "eo:cloud_cover": 2}}, {"id": "pgstac-test-item-0014", "collection": "pgstac-test-collection", "properties": {"datetime": "2011-08-16T00:00:00Z", "eo:cloud_cover": 17}}, {"id": "pgstac-test-item-0015", "collection": "pgstac-test-collection", "properties": {"datetime": "2011-08-16T00:00:00Z", "eo:cloud_cover": 54}}, {"id": "pgstac-test-item-0016", "collection": "pgstac-test-collection", "properties": {"datetime": "2011-08-16T00:00:00Z", "eo:cloud_cover": 13}}, {"id": "pgstac-test-item-0017", "collection": "pgstac-test-collection", "properties": {"datetime": "2011-08-16T00:00:00Z", "eo:cloud_cover": 59}}, {"id": "pgstac-test-item-0018", "collection": "pgstac-test-collection", "properties": {"datetime": "2011-08-16T00:00:00Z", "eo:cloud_cover": 29}}, {"id": "pgstac-test-item-0019", "collection": "pgstac-test-collection", "properties": {"datetime": "2011-08-16T00:00:00Z", "eo:cloud_cover": 52}}, {"id": "pgstac-test-item-0020", "collection": "pgstac-test-collection", "properties": {"datetime": "2011-08-16T00:00:00Z", "eo:cloud_cover": 39}}, {"id": "pgstac-test-item-0021", "collection": "pgstac-test-collection", "properties": {"datetime": "2011-08-16T00:00:00Z", "eo:cloud_cover": 29}}]}

--
SELECT search('{"datetime":"2011-08-16T00:00:00Z/2011-08-17T00:00:00Z", "fields":{"include":["id","properties.datetime"]},"sortby":[{"field":"datetime","direction":"desc"},{"field":"id","direction":"asc"}]}');
 {"next": "pgstac-test-item-0016", "prev": null, "type": "FeatureCollection", "context": {"limit": 10, "matched": 57, "returned": 10}, "features": [{"id": "pgstac-test-item-0007", "collection": "pgstac-test-collection", "properties": {"datetime": "2011-08-17T00:00:00Z"}}, {"id": "pgstac-test-item-0008", "collection": "pgstac-test-collection", "properties": {"datetime": "2011-08-17T00:00:00Z"}}, {"id": "pgstac-test-item-0009", "collection": "pgstac-test-collection", "properties": {"datetime": "2011-08-17T00:00:00Z"}}, {"id": "pgstac-test-item-0010", "collection": "pgstac-test-collection", "properties": {"datetime": "2011-08-17T00:00:00Z"}}, {"id": "pgstac-test-item-0011", "collection": "pgstac-test-collection", "properties": {"datetime": "2011-08-17T00:00:00Z"}}, {"id": "pgstac-test-item-0012", "collection": "pgstac-test-collection", "properties": {"datetime": "2011-08-17T00:00:00Z"}}, {"id": "pgstac-test-item-0013", "collection": "pgstac-test-collection", "properties": {"datetime": "2011-08-17T00:00:00Z"}}, {"id": "pgstac-test-item-0014", "collection": "pgstac-test-collection", "properties": {"datetime": "2011-08-16T00:00:00Z"}}, {"id": "pgstac-test-item-0015", "collection": "pgstac-test-collection", "properties": {"datetime": "2011-08-16T00:00:00Z"}}, {"id": "pgstac-test-item-0016", "collection": "pgstac-test-collection", "properties": {"datetime": "2011-08-16T00:00:00Z"}}]}

SELECT search('{"datetime":["2011-08-16T00:00:00Z","2011-08-17T00:00:00Z"], "fields":{"include":["id","properties.datetime"]},"sortby":[{"field":"datetime","direction":"desc"},{"field":"id","direction":"asc"}]}');
 {"next": "pgstac-test-item-0016", "prev": null, "type": "FeatureCollection", "context": {"limit": 10, "matched": 57, "returned": 10}, "features": [{"id": "pgstac-test-item-0007", "collection": "pgstac-test-collection", "properties": {"datetime": "2011-08-17T00:00:00Z"}}, {"id": "pgstac-test-item-0008", "collection": "pgstac-test-collection", "properties": {"datetime": "2011-08-17T00:00:00Z"}}, {"id": "pgstac-test-item-0009", "collection": "pgstac-test-collection", "properties": {"datetime": "2011-08-17T00:00:00Z"}}, {"id": "pgstac-test-item-0010", "collection": "pgstac-test-collection", "properties": {"datetime": "2011-08-17T00:00:00Z"}}, {"id": "pgstac-test-item-0011", "collection": "pgstac-test-collection", "properties": {"datetime": "2011-08-17T00:00:00Z"}}, {"id": "pgstac-test-item-0012", "collection": "pgstac-test-collection", "properties": {"datetime": "2011-08-17T00:00:00Z"}}, {"id": "pgstac-test-item-0013", "collection": "pgstac-test-collection", "properties": {"datetime": "2011-08-17T00:00:00Z"}}, {"id": "pgstac-test-item-0014", "collection": "pgstac-test-collection", "properties": {"datetime": "2011-08-16T00:00:00Z"}}, {"id": "pgstac-test-item-0015", "collection": "pgstac-test-collection", "properties": {"datetime": "2011-08-16T00:00:00Z"}}, {"id": "pgstac-test-item-0016", "collection": "pgstac-test-collection", "properties": {"datetime": "2011-08-16T00:00:00Z"}}]}

SELECT search('{"filter":{"anyinteracts":[{"property":"datetime"},["2011-08-16T00:00:00Z","2011-08-17T00:00:00Z"]]}, "fields":{"include":["id","properties.datetime"]},"sortby":[{"field":"datetime","direction":"desc"},{"field":"id","direction":"asc"}]}');
 {"next": "pgstac-test-item-0016", "prev": null, "type": "FeatureCollection", "context": {"limit": 10, "matched": 57, "returned": 10}, "features": [{"id": "pgstac-test-item-0007", "collection": "pgstac-test-collection", "properties": {"datetime": "2011-08-17T00:00:00Z"}}, {"id": "pgstac-test-item-0008", "collection": "pgstac-test-collection", "properties": {"datetime": "2011-08-17T00:00:00Z"}}, {"id": "pgstac-test-item-0009", "collection": "pgstac-test-collection", "properties": {"datetime": "2011-08-17T00:00:00Z"}}, {"id": "pgstac-test-item-0010", "collection": "pgstac-test-collection", "properties": {"datetime": "2011-08-17T00:00:00Z"}}, {"id": "pgstac-test-item-0011", "collection": "pgstac-test-collection", "properties": {"datetime": "2011-08-17T00:00:00Z"}}, {"id": "pgstac-test-item-0012", "collection": "pgstac-test-collection", "properties": {"datetime": "2011-08-17T00:00:00Z"}}, {"id": "pgstac-test-item-0013", "collection": "pgstac-test-collection", "properties": {"datetime": "2011-08-17T00:00:00Z"}}, {"id": "pgstac-test-item-0014", "collection": "pgstac-test-collection", "properties": {"datetime": "2011-08-16T00:00:00Z"}}, {"id": "pgstac-test-item-0015", "collection": "pgstac-test-collection", "properties": {"datetime": "2011-08-16T00:00:00Z"}}, {"id": "pgstac-test-item-0016", "collection": "pgstac-test-collection", "properties": {"datetime": "2011-08-16T00:00:00Z"}}]}

SELECT search('{"filter":{"eq":[{"property":"eo:cloud_cover"},36]}, "fields":{"include":["id","properties.datetime","properties.eo:cloud_cover"]},"sortby":[{"field":"datetime","direction":"desc"},{"field":"id","direction":"asc"}]}');
 {"next": null, "prev": null, "type": "FeatureCollection", "context": {"limit": 10, "matched": 2, "returned": 2}, "features": [{"id": "pgstac-test-item-0087", "collection": "pgstac-test-collection", "properties": {"datetime": "2011-08-01T00:00:00Z", "eo:cloud_cover": 36}}, {"id": "pgstac-test-item-0089", "collection": "pgstac-test-collection", "properties": {"datetime": "2011-07-31T00:00:00Z", "eo:cloud_cover": 36}}]}

SELECT search('{"filter":{"lt":[{"property":"eo:cloud_cover"},25]}, "fields":{"include":["id","properties.datetime","properties.eo:cloud_cover"]},"sortby":[{"field":"eo:cloud_cover","direction":"asc"}]}');
 {"next": "pgstac-test-item-0012", "prev": null, "type": "FeatureCollection", "context": {"limit": 10, "matched": 31, "returned": 10}, "features": [{"id": "pgstac-test-item-0097", "collection": "pgstac-test-collection", "properties": {"datetime": "2011-07-31T00:00:00Z", "eo:cloud_cover": 1}}, {"id": "pgstac-test-item-0063", "collection": "pgstac-test-collection", "properties": {"datetime": "2011-08-16T00:00:00Z", "eo:cloud_cover": 2}}, {"id": "pgstac-test-item-0013", "collection": "pgstac-test-collection", "properties": {"datetime": "2011-08-17T00:00:00Z", "eo:cloud_cover": 2}}, {"id": "pgstac-test-item-0085", "collection": "pgstac-test-collection", "properties": {"datetime": "2011-08-01T00:00:00Z", "eo:cloud_cover": 3}}, {"id": "pgstac-test-item-0073", "collection": "pgstac-test-collection", "properties": {"datetime": "2011-08-15T00:00:00Z", "eo:cloud_cover": 3}}, {"id": "pgstac-test-item-0041", "collection": "pgstac-test-collection", "properties": {"datetime": "2011-08-16T00:00:00Z", "eo:cloud_cover": 3}}, {"id": "pgstac-test-item-0034", "collection": "pgstac-test-collection", "properties": {"datetime": "2011-08-16T00:00:00Z", "eo:cloud_cover": 3}}, {"id": "pgstac-test-item-0005", "collection": "pgstac-test-collection", "properties": {"datetime": "2011-08-24T00:00:00Z", "eo:cloud_cover": 3}}, {"id": "pgstac-test-item-0048", "collection": "pgstac-test-collection", "properties": {"datetime": "2011-08-16T00:00:00Z", "eo:cloud_cover": 4}}, {"id": "pgstac-test-item-0012", "collection": "pgstac-test-collection", "properties": {"datetime": "2011-08-17T00:00:00Z", "eo:cloud_cover": 4}}]}

SELECT search('{"ids":["pgstac-test-item-0097"],"fields":{"include":["id"]}}');
 {"next": null, "prev": null, "type": "FeatureCollection", "context": {"limit": 10, "matched": 1, "returned": 1}, "features": [{"id": "pgstac-test-item-0097", "collection": "pgstac-test-collection"}]}

SELECT search('{"ids":["pgstac-test-item-0097","pgstac-test-item-0003"],"fields":{"include":["id"]}}');
 {"next": null, "prev": null, "type": "FeatureCollection", "context": {"limit": 10, "matched": 2, "returned": 2}, "features": [{"id": "pgstac-test-item-0003", "collection": "pgstac-test-collection"}, {"id": "pgstac-test-item-0097", "collection": "pgstac-test-collection"}]}

SELECT search('{"ids":["bogusid"],"fields":{"include":["id"]}}');
 {"next": null, "prev": null, "type": "FeatureCollection", "context": {"limit": 10, "matched": 0, "returned": 0}, "features": []}

SELECT search('{"collections":["pgstac-test-collection"],"fields":{"include":["id"]}, "limit": 1}');
 {"next": "pgstac-test-item-0003", "prev": null, "type": "FeatureCollection", "context": {"limit": 1, "matched": 100, "returned": 1}, "features": [{"id": "pgstac-test-item-0003", "collection": "pgstac-test-collection"}]}

SELECT search('{"collections":["something"]}');
 {"next": null, "prev": null, "type": "FeatureCollection", "context": {"limit": 10, "matched": 0, "returned": 0}, "features": []}

SELECT search('{"collections":["something"],"fields":{"include":["id"]}}');
 {"next": null, "prev": null, "type": "FeatureCollection", "context": {"limit": 10, "matched": 0, "returned": 0}, "features": []}

SELECT hash from search_query('{"collections":["pgstac-test-collection"]}');
 2bbae9a0ef0bbb5ffaca06603ce621d7

SELECT search from search_query('{"collections":["pgstac-test-collection"]}');
 {"collections": ["pgstac-test-collection"]}

\set QUIET 1
\set ECHO none
