SET pgstac."default-filter-lang" TO 'cql-json';
SET
SELECT hash from search_query('{"collections":["pgstac-test-collection"]}');
 2bbae9a0ef0bbb5ffaca06603ce621d7

SELECT xyzsearch(8615, 13418, 15, '2bbae9a0ef0bbb5ffaca06603ce621d7', '{"include":["id"]}'::jsonb);
 {"type": "FeatureCollection", "features": [{"id": "pgstac-test-item-0003", "collection": "pgstac-test-collection"}]}

SELECT xyzsearch(1048, 1682, 12, '2bbae9a0ef0bbb5ffaca06603ce621d7', '{"include":["id"]}'::jsonb);
 {"type": "FeatureCollection", "features": [{"id": "pgstac-test-item-0050", "collection": "pgstac-test-collection"}, {"id": "pgstac-test-item-0049", "collection": "pgstac-test-collection"}, {"id": "pgstac-test-item-0048", "collection": "pgstac-test-collection"}, {"id": "pgstac-test-item-0047", "collection": "pgstac-test-collection"}, {"id": "pgstac-test-item-0100", "collection": "pgstac-test-collection"}, {"id": "pgstac-test-item-0089", "collection": "pgstac-test-collection"}]}

SELECT xyzsearch(1048, 1682, 12, '2bbae9a0ef0bbb5ffaca06603ce621d7', '{"include":["id"]}'::jsonb, NULL, 1);
 {"type": "FeatureCollection", "features": [{"id": "pgstac-test-item-0050", "collection": "pgstac-test-collection"}]}

SELECT xyzsearch(16792, 26892, 16, '2bbae9a0ef0bbb5ffaca06603ce621d7', '{"include":["id"]}'::jsonb, exitwhenfull => true);
 {"type": "FeatureCollection", "features": [{"id": "pgstac-test-item-0098", "collection": "pgstac-test-collection"}, {"id": "pgstac-test-item-0097", "collection": "pgstac-test-collection"}]}

SELECT xyzsearch(16792, 26892, 16, '2bbae9a0ef0bbb5ffaca06603ce621d7', '{"include":["id"]}'::jsonb, exitwhenfull => false, skipcovered => false);
 {"type": "FeatureCollection", "features": [{"id": "pgstac-test-item-0098", "collection": "pgstac-test-collection"}, {"id": "pgstac-test-item-0097", "collection": "pgstac-test-collection"}, {"id": "pgstac-test-item-0091", "collection": "pgstac-test-collection"}]}

\set QUIET 1
\set ECHO none
