SET pgstac.context TO 'on';
SET
SET pgstac."default_filter_lang" TO 'cql2-json';
SET
WITH t AS (
    SELECT
        row_number() over () as id,
        x,
        y
    FROM
        generate_series(-180, 170, 10) as x,
        generate_series(-90, 80, 10) as y
), t1 AS (
    SELECT
        concat('testcollection_', id) as id,
        x as minx,
        y as miny,
        x+10 as maxx,
        y+10 as maxy,
        '2000-01-01'::timestamptz + (concat(id, ' weeks'))::interval as sdt,
        '2000-01-01'::timestamptz + (concat(id, ' weeks'))::interval  + ('2 months')::interval as edt
    FROM t
)
SELECT
    create_collection(format($q$
        {
            "id": "%s",
            "type": "Collection",
            "title": "My Test Collection.",
            "description": "Description of my test collection.",
            "extent": {
                "spatial": {"bbox": [[%s, %s, %s, %s]]},
                "temporal": {"interval": [[%I, %I]]}
            },
            "stac_extensions":[]
        }
        $q$,
        id, minx, miny, maxx, maxy, sdt, edt
    )::jsonb)
FROM t1;

select collection_search('{"ids":["testcollection_1","testcollection_2"],"limit":10, "sortby":[{"field":"id","direction":"desc"}]}');
 {"links": [], "collections": [{"id": "testcollection_2", "type": "Collection", "title": "My Test Collection.", "extent": {"spatial": {"bbox": [[-170, -90, -160, -80]]}, "temporal": {"interval": [["2000-01-15 00:00:00+00", "2000-03-15 00:00:00+00"]]}}, "description": "Description of my test collection.", "stac_extensions": []}, {"id": "testcollection_1", "type": "Collection", "title": "My Test Collection.", "extent": {"spatial": {"bbox": [[-180, -90, -170, -80]]}, "temporal": {"interval": [["2000-01-08 00:00:00+00", "2000-03-08 00:00:00+00"]]}}, "description": "Description of my test collection.", "stac_extensions": []}], "numberMatched": 2, "numberReturned": 2}

select collection_search('{"ids":["testcollection_1","testcollection_2"],"limit":10, "sortby":[{"field":"id","direction":"asc"}]}');
 {"links": [], "collections": [{"id": "testcollection_1", "type": "Collection", "title": "My Test Collection.", "extent": {"spatial": {"bbox": [[-180, -90, -170, -80]]}, "temporal": {"interval": [["2000-01-08 00:00:00+00", "2000-03-08 00:00:00+00"]]}}, "description": "Description of my test collection.", "stac_extensions": []}, {"id": "testcollection_2", "type": "Collection", "title": "My Test Collection.", "extent": {"spatial": {"bbox": [[-170, -90, -160, -80]]}, "temporal": {"interval": [["2000-01-15 00:00:00+00", "2000-03-15 00:00:00+00"]]}}, "description": "Description of my test collection.", "stac_extensions": []}], "numberMatched": 2, "numberReturned": 2}

select collection_search('{"ids":["testcollection_1","testcollection_2","testcollection_3"],"limit":1, "sortby":[{"field":"id","direction":"desc"}]}');
 {"links": [{"rel": "next", "body": {"offset": 1}, "href": "./collections", "type": "application/json", "merge": true, "method": "GET"}], "collections": [{"id": "testcollection_3", "type": "Collection", "title": "My Test Collection.", "extent": {"spatial": {"bbox": [[-160, -90, -150, -80]]}, "temporal": {"interval": [["2000-01-22 00:00:00+00", "2000-03-22 00:00:00+00"]]}}, "description": "Description of my test collection.", "stac_extensions": []}], "numberMatched": 3, "numberReturned": 1}

select collection_search('{"ids":["testcollection_1","testcollection_2"],"limit":1, "offset":10, "sortby":[{"field":"datetime","direction":"desc"}]}');
 {"links": [{"rel": "prev", "body": {"offset": 9}, "href": "./collections", "type": "application/json", "merge": true, "method": "GET"}], "collections": [], "numberMatched": 2, "numberReturned": 0}

select collection_search('{"filter":{"op":"eq", "args":[{"property":"title"},"My Test Collection."]},"limit":10, "sortby":[{"field":"datetime","direction":"desc"}]}');
 {"links": [{"rel": "next", "body": {"offset": 10}, "href": "./collections", "type": "application/json", "merge": true, "method": "GET"}], "collections": [{"id": "testcollection_648", "type": "Collection", "title": "My Test Collection.", "extent": {"spatial": {"bbox": [[170, 80, 180, 90]]}, "temporal": {"interval": [["2012-06-02 00:00:00+00", "2012-08-02 00:00:00+00"]]}}, "description": "Description of my test collection.", "stac_extensions": []}, {"id": "testcollection_647", "type": "Collection", "title": "My Test Collection.", "extent": {"spatial": {"bbox": [[160, 80, 170, 90]]}, "temporal": {"interval": [["2012-05-26 00:00:00+00", "2012-07-26 00:00:00+00"]]}}, "description": "Description of my test collection.", "stac_extensions": []}, {"id": "testcollection_646", "type": "Collection", "title": "My Test Collection.", "extent": {"spatial": {"bbox": [[150, 80, 160, 90]]}, "temporal": {"interval": [["2012-05-19 00:00:00+00", "2012-07-19 00:00:00+00"]]}}, "description": "Description of my test collection.", "stac_extensions": []}, {"id": "testcollection_645", "type": "Collection", "title": "My Test Collection.", "extent": {"spatial": {"bbox": [[140, 80, 150, 90]]}, "temporal": {"interval": [["2012-05-12 00:00:00+00", "2012-07-12 00:00:00+00"]]}}, "description": "Description of my test collection.", "stac_extensions": []}, {"id": "testcollection_644", "type": "Collection", "title": "My Test Collection.", "extent": {"spatial": {"bbox": [[130, 80, 140, 90]]}, "temporal": {"interval": [["2012-05-05 00:00:00+00", "2012-07-05 00:00:00+00"]]}}, "description": "Description of my test collection.", "stac_extensions": []}, {"id": "testcollection_643", "type": "Collection", "title": "My Test Collection.", "extent": {"spatial": {"bbox": [[120, 80, 130, 90]]}, "temporal": {"interval": [["2012-04-28 00:00:00+00", "2012-06-28 00:00:00+00"]]}}, "description": "Description of my test collection.", "stac_extensions": []}, {"id": "testcollection_642", "type": "Collection", "title": "My Test Collection.", "extent": {"spatial": {"bbox": [[110, 80, 120, 90]]}, "temporal": {"interval": [["2012-04-21 00:00:00+00", "2012-06-21 00:00:00+00"]]}}, "description": "Description of my test collection.", "stac_extensions": []}, {"id": "testcollection_641", "type": "Collection", "title": "My Test Collection.", "extent": {"spatial": {"bbox": [[100, 80, 110, 90]]}, "temporal": {"interval": [["2012-04-14 00:00:00+00", "2012-06-14 00:00:00+00"]]}}, "description": "Description of my test collection.", "stac_extensions": []}, {"id": "testcollection_640", "type": "Collection", "title": "My Test Collection.", "extent": {"spatial": {"bbox": [[90, 80, 100, 90]]}, "temporal": {"interval": [["2012-04-07 00:00:00+00", "2012-06-07 00:00:00+00"]]}}, "description": "Description of my test collection.", "stac_extensions": []}, {"id": "testcollection_639", "type": "Collection", "title": "My Test Collection.", "extent": {"spatial": {"bbox": [[80, 80, 90, 90]]}, "temporal": {"interval": [["2012-03-31 00:00:00+00", "2012-05-31 00:00:00+00"]]}}, "description": "Description of my test collection.", "stac_extensions": []}], "numberMatched": 648, "numberReturned": 10}

select collection_search('{"datetime":["2012-01-01","2012-01-02"], "filter":{"op":"eq", "args":[{"property":"title"},"My Test Collection."]},"limit":10, "sortby":[{"field":"datetime","direction":"desc"}]}');
 {"links": [], "collections": [{"id": "testcollection_626", "type": "Collection", "title": "My Test Collection.", "extent": {"spatial": {"bbox": [[-50, 80, -40, 90]]}, "temporal": {"interval": [["2011-12-31 00:00:00+00", "2012-02-29 00:00:00+00"]]}}, "description": "Description of my test collection.", "stac_extensions": []}, {"id": "testcollection_625", "type": "Collection", "title": "My Test Collection.", "extent": {"spatial": {"bbox": [[-60, 80, -50, 90]]}, "temporal": {"interval": [["2011-12-24 00:00:00+00", "2012-02-24 00:00:00+00"]]}}, "description": "Description of my test collection.", "stac_extensions": []}, {"id": "testcollection_624", "type": "Collection", "title": "My Test Collection.", "extent": {"spatial": {"bbox": [[-70, 80, -60, 90]]}, "temporal": {"interval": [["2011-12-17 00:00:00+00", "2012-02-17 00:00:00+00"]]}}, "description": "Description of my test collection.", "stac_extensions": []}, {"id": "testcollection_623", "type": "Collection", "title": "My Test Collection.", "extent": {"spatial": {"bbox": [[-80, 80, -70, 90]]}, "temporal": {"interval": [["2011-12-10 00:00:00+00", "2012-02-10 00:00:00+00"]]}}, "description": "Description of my test collection.", "stac_extensions": []}, {"id": "testcollection_622", "type": "Collection", "title": "My Test Collection.", "extent": {"spatial": {"bbox": [[-90, 80, -80, 90]]}, "temporal": {"interval": [["2011-12-03 00:00:00+00", "2012-02-03 00:00:00+00"]]}}, "description": "Description of my test collection.", "stac_extensions": []}, {"id": "testcollection_621", "type": "Collection", "title": "My Test Collection.", "extent": {"spatial": {"bbox": [[-100, 80, -90, 90]]}, "temporal": {"interval": [["2011-11-26 00:00:00+00", "2012-01-26 00:00:00+00"]]}}, "description": "Description of my test collection.", "stac_extensions": []}, {"id": "testcollection_620", "type": "Collection", "title": "My Test Collection.", "extent": {"spatial": {"bbox": [[-110, 80, -100, 90]]}, "temporal": {"interval": [["2011-11-19 00:00:00+00", "2012-01-19 00:00:00+00"]]}}, "description": "Description of my test collection.", "stac_extensions": []}, {"id": "testcollection_619", "type": "Collection", "title": "My Test Collection.", "extent": {"spatial": {"bbox": [[-120, 80, -110, 90]]}, "temporal": {"interval": [["2011-11-12 00:00:00+00", "2012-01-12 00:00:00+00"]]}}, "description": "Description of my test collection.", "stac_extensions": []}, {"id": "testcollection_618", "type": "Collection", "title": "My Test Collection.", "extent": {"spatial": {"bbox": [[-130, 80, -120, 90]]}, "temporal": {"interval": [["2011-11-05 00:00:00+00", "2012-01-05 00:00:00+00"]]}}, "description": "Description of my test collection.", "stac_extensions": []}], "numberMatched": 9, "numberReturned": 9}
